Archive member included because of file (symbol)

/usr/local/CrossPack-AVR-20090415/lib/gcc/avr/3.4.6/../../../../avr/lib/avr5/libm.a(addsf3.o)
                              clock.o (__subsf3)
/usr/local/CrossPack-AVR-20090415/lib/gcc/avr/3.4.6/../../../../avr/lib/avr5/libm.a(addsf3x.o)
                              /usr/local/CrossPack-AVR-20090415/lib/gcc/avr/3.4.6/../../../../avr/lib/avr5/libm.a(addsf3.o) (__addsf3x)
/usr/local/CrossPack-AVR-20090415/lib/gcc/avr/3.4.6/../../../../avr/lib/avr5/libm.a(cos.o)
                              clock.o (cos)
/usr/local/CrossPack-AVR-20090415/lib/gcc/avr/3.4.6/../../../../avr/lib/avr5/libm.a(divsf3.o)
                              clock.o (__divsf3)
/usr/local/CrossPack-AVR-20090415/lib/gcc/avr/3.4.6/../../../../avr/lib/avr5/libm.a(divsf3x.o)
                              /usr/local/CrossPack-AVR-20090415/lib/gcc/avr/3.4.6/../../../../avr/lib/avr5/libm.a(divsf3.o) (__divsf3x)
/usr/local/CrossPack-AVR-20090415/lib/gcc/avr/3.4.6/../../../../avr/lib/avr5/libm.a(fixunssfsi.o)
                              clock.o (__fixunssfsi)
/usr/local/CrossPack-AVR-20090415/lib/gcc/avr/3.4.6/../../../../avr/lib/avr5/libm.a(floatsisf.o)
                              clock.o (__floatsisf)
/usr/local/CrossPack-AVR-20090415/lib/gcc/avr/3.4.6/../../../../avr/lib/avr5/libm.a(fp_inf.o)
                              /usr/local/CrossPack-AVR-20090415/lib/gcc/avr/3.4.6/../../../../avr/lib/avr5/libm.a(addsf3x.o) (__fp_inf)
/usr/local/CrossPack-AVR-20090415/lib/gcc/avr/3.4.6/../../../../avr/lib/avr5/libm.a(fp_nan.o)
                              /usr/local/CrossPack-AVR-20090415/lib/gcc/avr/3.4.6/../../../../avr/lib/avr5/libm.a(addsf3x.o) (__fp_nan)
/usr/local/CrossPack-AVR-20090415/lib/gcc/avr/3.4.6/../../../../avr/lib/avr5/libm.a(fp_pscA.o)
                              /usr/local/CrossPack-AVR-20090415/lib/gcc/avr/3.4.6/../../../../avr/lib/avr5/libm.a(addsf3x.o) (__fp_pscA)
/usr/local/CrossPack-AVR-20090415/lib/gcc/avr/3.4.6/../../../../avr/lib/avr5/libm.a(fp_pscB.o)
                              /usr/local/CrossPack-AVR-20090415/lib/gcc/avr/3.4.6/../../../../avr/lib/avr5/libm.a(addsf3x.o) (__fp_pscB)
/usr/local/CrossPack-AVR-20090415/lib/gcc/avr/3.4.6/../../../../avr/lib/avr5/libm.a(fp_rempio2.o)
                              /usr/local/CrossPack-AVR-20090415/lib/gcc/avr/3.4.6/../../../../avr/lib/avr5/libm.a(cos.o) (__fp_rempio2)
/usr/local/CrossPack-AVR-20090415/lib/gcc/avr/3.4.6/../../../../avr/lib/avr5/libm.a(fp_round.o)
                              /usr/local/CrossPack-AVR-20090415/lib/gcc/avr/3.4.6/../../../../avr/lib/avr5/libm.a(addsf3.o) (__fp_round)
/usr/local/CrossPack-AVR-20090415/lib/gcc/avr/3.4.6/../../../../avr/lib/avr5/libm.a(fp_sinus.o)
                              /usr/local/CrossPack-AVR-20090415/lib/gcc/avr/3.4.6/../../../../avr/lib/avr5/libm.a(cos.o) (__fp_sinus)
/usr/local/CrossPack-AVR-20090415/lib/gcc/avr/3.4.6/../../../../avr/lib/avr5/libm.a(fp_split3.o)
                              /usr/local/CrossPack-AVR-20090415/lib/gcc/avr/3.4.6/../../../../avr/lib/avr5/libm.a(addsf3x.o) (__fp_split3)
/usr/local/CrossPack-AVR-20090415/lib/gcc/avr/3.4.6/../../../../avr/lib/avr5/libm.a(fp_zero.o)
                              /usr/local/CrossPack-AVR-20090415/lib/gcc/avr/3.4.6/../../../../avr/lib/avr5/libm.a(addsf3x.o) (__fp_zero)
/usr/local/CrossPack-AVR-20090415/lib/gcc/avr/3.4.6/../../../../avr/lib/avr5/libm.a(mulsf3.o)
                              clock.o (__mulsf3)
/usr/local/CrossPack-AVR-20090415/lib/gcc/avr/3.4.6/../../../../avr/lib/avr5/libm.a(mulsf3x.o)
                              /usr/local/CrossPack-AVR-20090415/lib/gcc/avr/3.4.6/../../../../avr/lib/avr5/libm.a(mulsf3.o) (__mulsf3x)
/usr/local/CrossPack-AVR-20090415/lib/gcc/avr/3.4.6/../../../../avr/lib/avr5/libm.a(sin.o)
                              clock.o (sin)
/usr/local/CrossPack-AVR-20090415/lib/gcc/avr/3.4.6/../../../../avr/lib/avr5/libm.a(fp_mpack.o)
                              /usr/local/CrossPack-AVR-20090415/lib/gcc/avr/3.4.6/../../../../avr/lib/avr5/libm.a(fp_rempio2.o) (__fp_mpack_finite)
/usr/local/CrossPack-AVR-20090415/lib/gcc/avr/3.4.6/../../../../avr/lib/avr5/libm.a(fp_powsodd.o)
                              /usr/local/CrossPack-AVR-20090415/lib/gcc/avr/3.4.6/../../../../avr/lib/avr5/libm.a(fp_sinus.o) (__fp_powsodd)
/usr/local/CrossPack-AVR-20090415/lib/gcc/avr/3.4.6/../../../../avr/lib/avr5/libm.a(fp_powser.o)
                              /usr/local/CrossPack-AVR-20090415/lib/gcc/avr/3.4.6/../../../../avr/lib/avr5/libm.a(fp_powsodd.o) (__fp_powser)
/usr/local/CrossPack-AVR-20090415/lib/gcc/avr/3.4.6/avr5/libgcc.a(_udivmodqi4.o)
                              snake.o (__udivmodqi4)
/usr/local/CrossPack-AVR-20090415/lib/gcc/avr/3.4.6/avr5/libgcc.a(_udivmodhi4.o)
                              backlight_driver.o (__udivmodhi4)
/usr/local/CrossPack-AVR-20090415/lib/gcc/avr/3.4.6/avr5/libgcc.a(_divmodhi4.o)
                              gfx_lib.o (__divmodhi4)
[...]
Memory Configuration

Name             Origin             Length             Attributes
text             0x00000000         0x00020000         xr
data             0x00800060         0x0000ffa0         rw !x
eeprom           0x00810000         0x00010000         rw !x
fuse             0x00820000         0x00000400         rw !x
lock             0x00830000         0x00000400         rw !x
signature        0x00840000         0x00000400         rw !x
*default*        0x00000000         0xffffffff

Linker script and memory map

Address of section .data set to 0x800200
LOAD /usr/local/CrossPack-AVR-20090415/lib/gcc/avr/3.4.6/../../../../avr/lib/avr5/crtm1281.o
LOAD walkabout.o
LOAD configsystem.o
LOAD displaydata.o
LOAD flashpics.o
LOAD gameoflife.o
LOAD lcdcontrast.o
LOAD main.o
LOAD memory.o
LOAD slideshow.o
LOAD smokeydemo.o
LOAD snake.o
LOAD sounddemo.o
LOAD clock.o
LOAD s6b1713_driver.o
LOAD lcd_lib.o
LOAD popup_lib.o
LOAD gfx_lib.o
LOAD joystick_driver.o
LOAD power_driver.o
LOAD backlight_driver.o
LOAD fifo_lib.o
LOAD memblock_lib.o
LOAD picture_lib.o
LOAD widgets_lib.o
LOAD forms_lib.o
LOAD dialog_lib.o
LOAD rtc_driver.o
LOAD timing_lib.o
LOAD termfont_lib.o
LOAD sound_driver.o
LOAD song_lib.o
LOAD /usr/local/CrossPack-AVR-20090415/lib/gcc/avr/3.4.6/../../../../avr/lib/avr5/libm.a
LOAD /usr/local/CrossPack-AVR-20090415/lib/gcc/avr/3.4.6/avr5/libgcc.a
LOAD /usr/local/CrossPack-AVR-20090415/lib/gcc/avr/3.4.6/../../../../avr/lib/avr5/libc.a
LOAD /usr/local/CrossPack-AVR-20090415/lib/gcc/avr/3.4.6/avr5/libgcc.a

.hash
 *(.hash)

.dynsym
 *(.dynsym)

.dynstr
 *(.dynstr)

.gnu.version
 *(.gnu.version)

.gnu.version_d
 *(.gnu.version_d)

.gnu.version_r
 *(.gnu.version_r)

.rel.init
 *(.rel.init)

.rela.init
 *(.rela.init)

.rel.text
 *(.rel.text)
 *(.rel.text.*)
 *(.rel.gnu.linkonce.t*)

.rela.text
 *(.rela.text)
 *(.rela.text.*)
 *(.rela.gnu.linkonce.t*)

.rel.fini
 *(.rel.fini)

.rela.fini
 *(.rela.fini)

.rel.rodata
 *(.rel.rodata)
 *(.rel.rodata.*)
 *(.rel.gnu.linkonce.r*)

.rela.rodata
 *(.rela.rodata)
 *(.rela.rodata.*)
 *(.rela.gnu.linkonce.r*)

.rel.data
 *(.rel.data)
 *(.rel.data.*)
 *(.rel.gnu.linkonce.d*)

.rela.data
 *(.rela.data)
 *(.rela.data.*)
 *(.rela.gnu.linkonce.d*)

.rel.ctors
 *(.rel.ctors)

.rela.ctors
 *(.rela.ctors)

.rel.dtors
 *(.rel.dtors)

.rela.dtors
 *(.rela.dtors)

.rel.got
 *(.rel.got)

.rela.got
 *(.rela.got)

.rel.bss
 *(.rel.bss)

.rela.bss
 *(.rela.bss)

.rel.plt
 *(.rel.plt)

.rela.plt
 *(.rela.plt)

.text           0x00000000     0xf9ae
 *(.vectors)
 .vectors       0x00000000       0xcc /usr/local/CrossPack-AVR-20090415/lib/gcc/avr/3.4.6/../../../../avr/lib/avr5/crtm1281.o
                0x00000000                __vectors
                0x00000000                __vector_default
 *(.vectors)
 *(.progmem.gcc*)
 *(.progmem*)
 .progmem.data  0x000000cc     0xc6b0 flashpics.o
                0x0000bf7c                FLASHPICS_ECARS_DEMO_1
                0x00009cfc                FLASHPICS_4
                0x0000907c                FLASHPICS_amperi_logo
                0x000098fc                FLASHPICS_plus
                0x000019cc                FLASHPICS_battery_25
                0x000016cc                FLASHPICS_battery_28
                0x000000cc                FLASHPICS_battery_50
                0x00001acc                FLASHPICS_battery_24
                0x000027cc                FLASHPICS_battery_11
                0x000020cc                FLASHPICS_battery_18
                0x000026cc                FLASHPICS_battery_12
                0x000002cc                FLASHPICS_battery_48
                0x00000ecc                FLASHPICS_battery_36
                0x0000b37c                FLASHPICS_ECARS_DEMO_4
                0x00000acc                FLASHPICS_battery_40
                0x00009dfc                FLASHPICS_2
                0x00009f7c                FLASHPICS_ECARS_DEMO_9
                0x00009b7c                FLASHPICS_7
                0x00008c7c                FLASHPICS_eCarsLogo
                0x0000997c                FLASHPICS_minus
                0x00000ccc                FLASHPICS_battery_38
                0x00000fcc                FLASHPICS_battery_35
                0x000029cc                FLASHPICS_battery_9
                0x000011cc                FLASHPICS_battery_33
                0x00002ccc                FLASHPICS_battery_6
                0x000032cc                FLASHPICS_battery_0
                0x000014cc                FLASHPICS_battery_30
                0x000007cc                FLASHPICS_battery_43
                0x000024cc                FLASHPICS_battery_14
                0x000018cc                FLASHPICS_battery_26
                0x00009afc                FLASHPICS_8
                0x00009bfc                FLASHPICS_6
                0x0000a77c                FLASHPICS_ECARS_DEMO_7
                0x00009d7c                FLASHPICS_3
                0x000022cc                FLASHPICS_battery_16
                0x00009a7c                FLASHPICS_9
                0x00001fcc                FLASHPICS_battery_19
                0x000025cc                FLASHPICS_battery_13
                0x00002dcc                FLASHPICS_battery_5
                0x00000dcc                FLASHPICS_battery_37
                0x000001cc                FLASHPICS_battery_49
                0x0000887c                FLASHPICS_excellenceThroughTechnology
                0x00007c7c                FLASHPICS_cat
                0x00001dcc                FLASHPICS_battery_21
                0x000009cc                FLASHPICS_battery_41
                0x0000af7c                FLASHPICS_ECARS_DEMO_5
                0x0000b77c                FLASHPICS_ECARS_DEMO_3
                0x000015cc                FLASHPICS_battery_29
                0x000005cc                FLASHPICS_battery_45
                0x00000bcc                FLASHPICS_battery_39
                0x000033cc                FLASHPICS_db101pcb
                0x00002ecc                FLASHPICS_battery_4
                0x000013cc                FLASHPICS_battery_31
                0x0000c37c                FLASHPICS_ECARS_DEMO_0
                0x000006cc                FLASHPICS_battery_44
                0x00001ecc                FLASHPICS_battery_20
                0x000017cc                FLASHPICS_battery_27
                0x0000787c                FLASHPICS_face1
                0x000023cc                FLASHPICS_battery_15
                0x00009efc                FLASHPICS_0
                0x00002acc                FLASHPICS_battery_8
                0x00009e7c                FLASHPICS_1
                0x00002bcc                FLASHPICS_battery_7
                0x00001bcc                FLASHPICS_battery_23
                0x000028cc                FLASHPICS_battery_10
                0x0000807c                FLASHPICS_avrLogo
                0x000021cc                FLASHPICS_battery_17
                0x0000747c                FLASHPICS_face2
                0x0000ab7c                FLASHPICS_ECARS_DEMO_6
                0x000031cc                FLASHPICS_battery_1
                0x00002fcc                FLASHPICS_battery_3
                0x000003cc                FLASHPICS_battery_47
                0x000008cc                FLASHPICS_battery_42
                0x00001ccc                FLASHPICS_battery_22
                0x0000a37c                FLASHPICS_ECARS_DEMO_8
                0x00009c7c                FLASHPICS_5
                0x0000847c                FLASHPICS_chip
                0x000099fc                FLASHPICS_X
                0x000004cc                FLASHPICS_battery_46
                0x0000bb7c                FLASHPICS_ECARS_DEMO_2
                0x000010cc                FLASHPICS_battery_34
                0x0000947c                FLASHPICS_PalonenLABS_128x64px
                0x0000987c                FLASHPICS_pros
                0x000030cc                FLASHPICS_battery_2
                0x000012cc                FLASHPICS_battery_32
 .progmem.data  0x0000c77c      0x7ee sounddemo.o
                0x0000cb2b                SONG_siren1Tune
                0x0000cb11                SONG_whistleTitle
                0x0000ca31                SONG_toneScaleTitle
                0x0000ceb9                SONG_furEliseTune
                0x0000c7e3                SONG_disasterBeepTune
                0x0000cc4d                SONG_solveigsSangTune
                0x0000cdbe                SONG_turkeyMarchTune
                0x0000c865                SONG_disasterBeepTitle
                0x0000ca37                SONG_whistleTune
                0x0000c88c                SONG_positiveBeepTitle
                0x0000cd2d                SONG_minuetTune
                0x0000cb19                SONG_siren2Tune
                0x0000c871                SONG_negativeBeepTune
                0x0000cdb7                SONG_minuetTitle
                0x0000ceac                SONG_turkeyMarchTitle
                0x0000c893                SONG_toneScaleTune
                0x0000c7b9                SONG_positiveActionTune
                0x0000cd1f                SONG_solveigsSangTitle
                0x0000c77c                SONG_data
                0x0000cf5f                SONG_furEliseTitle
                0x0000c794                SONG_titles
                0x0000c7ac                SONG_formTitle
                0x0000c7db                SONG_positiveActionTitle
                0x0000c882                SONG_positiveBeepTune
                0x0000cb23                SONG_siren2Title
                0x0000cc45                SONG_siren1Title
                0x0000c87b                SONG_negativeBeepTitle
 .progmem.data  0x0000cf6a       0xe8 gfx_lib.o
 .progmem.data  0x0000d052        0x4 forms_lib.o
 .progmem.data  0x0000d056      0x1e0 termfont_lib.o
                0x0000d056                TERMFONT_fontdata
                0x0000d236                . = ALIGN (0x2)
                0x0000d236                __trampolines_start = .
 *(.trampolines)
 .trampolines   0x0000d236        0x0 linker stubs
 *(.trampolines*)
                0x0000d236                __trampolines_end = .
 *(.jumptables)
 *(.jumptables*)
 *(.lowtext)
 *(.lowtext*)
                0x0000d236                __ctors_start = .
 *(.ctors)
                0x0000d236                __ctors_end = .
                0x0000d236                __dtors_start = .
 *(.dtors)
                0x0000d236                __dtors_end = .
 SORT(*)(.ctors)
 SORT(*)(.dtors)
 *(.init0)
 .init0         0x0000d236        0x0 /usr/local/CrossPack-AVR-20090415/lib/gcc/avr/3.4.6/../../../../avr/lib/avr5/crtm1281.o
                0x0000d236                __init
 *(.init0)
 *(.init1)
 *(.init1)
 *(.init2)
 .init2         0x0000d236        0xc /usr/local/CrossPack-AVR-20090415/lib/gcc/avr/3.4.6/../../../../avr/lib/avr5/crtm1281.o
 *(.init2)
 *(.init3)
 *(.init3)
 *(.init4)
 .init4         0x0000d242       0x1a /usr/local/CrossPack-AVR-20090415/lib/gcc/avr/3.4.6/../../../../avr/lib/avr5/crtm1281.o
                0x0000d242                __do_copy_data
 .init4         0x0000d25c       0x10 /usr/local/CrossPack-AVR-20090415/lib/gcc/avr/3.4.6/avr5/libgcc.a(_clear_bss.o)
                0x0000d25c                __do_clear_bss
 *(.init4)
 *(.init5)
 *(.init5)
 *(.init6)
 *(.init6)
 *(.init7)
 *(.init7)
 *(.init8)
 *(.init8)
 *(.init9)
 .init9         0x0000d26c        0x8 /usr/local/CrossPack-AVR-20090415/lib/gcc/avr/3.4.6/../../../../avr/lib/avr5/crtm1281.o
 *(.init9)
 *(.text)
 .text          0x0000d274        0x4 /usr/local/CrossPack-AVR-20090415/lib/gcc/avr/3.4.6/../../../../avr/lib/avr5/crtm1281.o
                0x0000d274                __vector_38
                0x0000d274                __vector_22
                0x0000d274                __vector_28
                0x0000d274                __vector_1
                0x0000d274                __vector_32
                0x0000d274                __vector_34
                0x0000d274                __vector_24
                0x0000d274                __vector_12
                0x0000d274                __vector_46
                0x0000d274                __bad_interrupt
                0x0000d274                __vector_6
                0x0000d274                __vector_31
                0x0000d274                __vector_35
                0x0000d274                __vector_39
                0x0000d274                __vector_3
                0x0000d274                __vector_23
                0x0000d274                __vector_30
                0x0000d274                __vector_45
                0x0000d274                __vector_25
                0x0000d274                __vector_11
                0x0000d274                __vector_13
                0x0000d274                __vector_17
                0x0000d274                __vector_19
                0x0000d274                __vector_7
                0x0000d274                __vector_49
                0x0000d274                __vector_41
                0x0000d274                __vector_43
                0x0000d274                __vector_27
                0x0000d274                __vector_5
                0x0000d274                __vector_33
                0x0000d274                __vector_47
                0x0000d274                __vector_37
                0x0000d274                __vector_4
                0x0000d274                __vector_44
                0x0000d274                __vector_2
                0x0000d274                __vector_21
                0x0000d274                __vector_29
                0x0000d274                __vector_40
                0x0000d274                __vector_8
                0x0000d274                __vector_26
                0x0000d274                __vector_48
                0x0000d274                __vector_14
                0x0000d274                __vector_10
                0x0000d274                __vector_50
                0x0000d274                __vector_16
                0x0000d274                __vector_18
                0x0000d274                __vector_20
                0x0000d274                __vector_42
 .text          0x0000d278       0x12 /usr/local/CrossPack-AVR-20090415/lib/gcc/avr/3.4.6/../../../../avr/lib/avr5/libc.a(strcmp.o)
                0x0000d278                strcmp
 .text          0x0000d28a       0x1e /usr/local/CrossPack-AVR-20090415/lib/gcc/avr/3.4.6/../../../../avr/lib/avr5/libc.a(strncpy.o)
                0x0000d28a                strncpy
 .text          0x0000d2a8       0x30 /usr/local/CrossPack-AVR-20090415/lib/gcc/avr/3.4.6/../../../../avr/lib/avr5/libc.a(eerd_word.o)
                0x0000d2a8                __eerd_word
                0x0000d2d8                . = ALIGN (0x2)
 *(.text.*)
 .text.eeprom_read_byte
                0x0000d2d8       0x10 main.o
 .text.UnknownError
                0x0000d2e8       0x18 main.o
                0x0000d2e8                UnknownError
 .text.uart_putchar
                0x0000d300       0x22 main.o
 .text.__vector_36
                0x0000d322       0x2a main.o
                0x0000d322                __vector_36
 .text.USART_Init
                0x0000d34c       0x12 main.o
                0x0000d34c                USART_Init
 .text.xtod     0x0000d35e       0x2e main.o
                0x0000d35e                xtod
 .text.HextoDec
                0x0000d38c       0x3c main.o
                0x0000d38c                HextoDec
 .text.xstrtoi  0x0000d3c8        0xa main.o
                0x0000d3c8                xstrtoi
 .text.substr   0x0000d3d2       0x2a main.o
                0x0000d3d2                substr
 .text.recv_input
                0x0000d3fc      0x1ba main.o
                0x0000d3fc                recv_input
 .text.main     0x0000d5b6      0x1b2 main.o
                0x0000d5b6                main
 .text.InitMemory
                0x0000d768       0x58 memory.o
                0x0000d768                InitMemory
 .text.SONG_PlayTune
                0x0000d7c0       0x38 sounddemo.o
                0x0000d7c0                SONG_PlayTune
 .text.PlaySound
                0x0000d7f8       0x78 sounddemo.o
                0x0000d7f8                PlaySound
 .text.S6B1713_HardReset
                0x0000d870       0x20 s6b1713_driver.o
                0x0000d870                S6B1713_HardReset
 .text.S6B1713M_Init
                0x0000d890       0x14 s6b1713_driver.o
                0x0000d890                S6B1713M_Init
 .text.S6B1713_SetDisplayOn
                0x0000d8a4        0xa s6b1713_driver.o
                0x0000d8a4                S6B1713_SetDisplayOn
 .text.S6B1713_SetInitialDisplayLine
                0x0000d8ae        0xc s6b1713_driver.o
                0x0000d8ae                S6B1713_SetInitialDisplayLine
 .text.S6B1713_SetReferenceVoltage
                0x0000d8ba       0x14 s6b1713_driver.o
                0x0000d8ba                S6B1713_SetReferenceVoltage
 .text.S6B1713_SetADCNormalDirection
                0x0000d8ce        0xa s6b1713_driver.o
                0x0000d8ce                S6B1713_SetADCNormalDirection
 .text.S6B1713_SetLCDBias1
                0x0000d8d8        0xa s6b1713_driver.o
                0x0000d8d8                S6B1713_SetLCDBias1
 .text.S6B1713_SetSHLNormalDirection
                0x0000d8e2        0xa s6b1713_driver.o
                0x0000d8e2                S6B1713_SetSHLNormalDirection
 .text.S6B1713_SetPowerControl
                0x0000d8ec        0xc s6b1713_driver.o
                0x0000d8ec                S6B1713_SetPowerControl
 .text.S6B1713_SetInternalResistorRatio
                0x0000d8f8        0xc s6b1713_driver.o
                0x0000d8f8                S6B1713_SetInternalResistorRatio
 .text.LCD_SetScreen
                0x0000d904       0x32 lcd_lib.o
                0x0000d904                LCD_SetScreen
 .text.LCD_SetTopPage
                0x0000d936       0x1a lcd_lib.o
                0x0000d936                LCD_SetTopPage
 .text.LCD_Init
                0x0000d950       0x8a lcd_lib.o
                0x0000d950                LCD_Init
 .text.LCD_SetPixel
                0x0000d9da       0x8c lcd_lib.o
                0x0000d9da                LCD_SetPixel
 .text.LCD_ClrPixel
                0x0000da66       0x8e lcd_lib.o
                0x0000da66                LCD_ClrPixel
 .text.LCD_SetHLine
                0x0000daf4       0xa0 lcd_lib.o
                0x0000daf4                LCD_SetHLine
 .text.LCD_SetVLine
                0x0000db94      0x170 lcd_lib.o
                0x0000db94                LCD_SetVLine
 .text.LCD_ClrVLine
                0x0000dd04      0x16c lcd_lib.o
                0x0000dd04                LCD_ClrVLine
 .text.LCD_ClrBox
                0x0000de70      0x1aa lcd_lib.o
                0x0000de70                LCD_ClrBox
 .text.LCD_ClrPage
                0x0000e01a       0x7e lcd_lib.o
                0x0000e01a                LCD_ClrPage
 .text.LCD_WritePage_F
                0x0000e098       0x40 lcd_lib.o
                0x0000e098                LCD_WritePage_F
 .text.POPUP_MsgBox
                0x0000e0d8      0x166 popup_lib.o
                0x0000e0d8                POPUP_MsgBox
 .text.LCD_UpdateBigNumbers
                0x0000e23e      0x1a6 gfx_lib.o
                0x0000e23e                LCD_UpdateBigNumbers
 .text.LCD_UpdateSOC
                0x0000e3e4       0x62 gfx_lib.o
                0x0000e3e4                LCD_UpdateSOC
 .text.LCD_SetLine
                0x0000e446       0xd0 gfx_lib.o
                0x0000e446                LCD_SetLine
 .text.LCD_ClrLine
                0x0000e516       0xd0 gfx_lib.o
                0x0000e516                LCD_ClrLine
 .text.JOYSTICK_SetActiveMode
                0x0000e5e6       0x12 joystick_driver.o
 .text.JOYSTICK_DisableWakeupInterrupt
                0x0000e5f8       0x16 joystick_driver.o
 .text.__vector_9
                0x0000e60e       0x50 joystick_driver.o
                0x0000e60e                __vector_9
 .text.JOYSTICK_Init
                0x0000e65e       0x1e joystick_driver.o
                0x0000e65e                JOYSTICK_Init
 .text.JOYSTICK_GetState
                0x0000e67c        0x8 joystick_driver.o
                0x0000e67c                JOYSTICK_GetState
 .text.JOYSTICK_PollingHandler
                0x0000e684       0xea joystick_driver.o
                0x0000e684                JOYSTICK_PollingHandler
 .text.POWER_WakeupCallback
                0x0000e76e        0x8 power_driver.o
                0x0000e76e                POWER_WakeupCallback
 .text.POWER_EnterIdleSleepMode
                0x0000e776        0xa power_driver.o
                0x0000e776                POWER_EnterIdleSleepMode
 .text.BACKLIGHT_Init
                0x0000e780       0x48 backlight_driver.o
                0x0000e780                BACKLIGHT_Init
 .text.BACKLIGHT_SetIntensity
                0x0000e7c8       0x68 backlight_driver.o
                0x0000e7c8                BACKLIGHT_SetIntensity
 .text.BACKLIGHT_SetRGB
                0x0000e830       0x6e backlight_driver.o
                0x0000e830                BACKLIGHT_SetRGB
 .text.FIFO_InternalPutData
                0x0000e89e       0x76 fifo_lib.o
 .text.FIFO_InternalGetData
                0x0000e914       0x68 fifo_lib.o
 .text.FIFO_Init
                0x0000e97c       0x28 fifo_lib.o
                0x0000e97c                FIFO_Init
 .text.FIFO_GetUint8
                0x0000e9a4        0x8 fifo_lib.o
                0x0000e9a4                FIFO_GetUint8
 .text.FIFO_Flush
                0x0000e9ac       0x48 fifo_lib.o
                0x0000e9ac                FIFO_Flush
 .text.FIFO_PutUint16
                0x0000e9f4       0x26 fifo_lib.o
                0x0000e9f4                FIFO_PutUint16
 .text.FIFO_GetUint16
                0x0000ea1a       0x2c fifo_lib.o
                0x0000ea1a                FIFO_GetUint16
 .text.MEMBLOCK_InitManager
                0x0000ea46       0x12 memblock_lib.o
                0x0000ea46                MEMBLOCK_InitManager
 .text.MEMBLOCK_InitBag
                0x0000ea58       0x86 memblock_lib.o
                0x0000ea58                MEMBLOCK_InitBag
 .text.MEMBLOCK_Allocate
                0x0000eade      0x150 memblock_lib.o
                0x0000eade                MEMBLOCK_Allocate
 .text.MEMBLOCK_Free
                0x0000ec2e       0xae memblock_lib.o
                0x0000ec2e                MEMBLOCK_Free
 .text.PICTURE_CopyFullscreenFlashToLcd
                0x0000ecdc       0x28 picture_lib.o
                0x0000ecdc                PICTURE_CopyFullscreenFlashToLcd
 .text.PICTURE_CopyFlashToLcd
                0x0000ed04       0x5e picture_lib.o
                0x0000ed04                PICTURE_CopyFlashToLcd
 .text.FORMS_CalculateStartPages
                0x0000ed62       0x4c forms_lib.o
 .text.FORMS_DrawScrollbar
                0x0000edae       0xfc forms_lib.o
 .text.FORMS_DrawFocusIndicator
                0x0000eeaa       0x60 forms_lib.o
 .text.FORMS_Draw
                0x0000ef0a       0xde forms_lib.o
                0x0000ef0a                FORMS_Draw
 .text.FORMS_NormalizeLCDScroll
                0x0000efe8       0x1a forms_lib.o
                0x0000efe8                FORMS_NormalizeLCDScroll
 .text.__vector_15
                0x0000f002       0xda rtc_driver.o
                0x0000f002                __vector_15
 .text.RTC_Init
                0x0000f0dc       0x5e rtc_driver.o
                0x0000f0dc                RTC_Init
 .text.RTC_SetTickHandler
                0x0000f13a       0x10 rtc_driver.o
                0x0000f13a                RTC_SetTickHandler
 .text.TIMING_Init
                0x0000f14a       0x1a timing_lib.o
                0x0000f14a                TIMING_Init
 .text.TIMING_AddEvent
                0x0000f164      0x128 timing_lib.o
 .text.TIMING_TickHandler
                0x0000f28c      0x12e timing_lib.o
                0x0000f28c                TIMING_TickHandler
 .text.TIMING_RemoveEvent
                0x0000f3ba       0x84 timing_lib.o
                0x0000f3ba                TIMING_RemoveEvent
 .text.TIMING_AddRepCounterEventAt
                0x0000f43e       0x40 timing_lib.o
                0x0000f43e                TIMING_AddRepCounterEventAt
 .text.TIMING_AddCounterEventAt
                0x0000f47e       0x44 timing_lib.o
                0x0000f47e                TIMING_AddCounterEventAt
 .text.TIMING_AddCounterEventAfter
                0x0000f4c2       0x36 timing_lib.o
                0x0000f4c2                TIMING_AddCounterEventAfter
 .text.TIMING_AddRepCallbackEventAt
                0x0000f4f8       0x44 timing_lib.o
                0x0000f4f8                TIMING_AddRepCallbackEventAt
 .text.TIMING_AddCallbackEventAt
                0x0000f53c       0x44 timing_lib.o
                0x0000f53c                TIMING_AddCallbackEventAt
 .text.TIMING_AddCallbackEventAfter
                0x0000f580       0x36 timing_lib.o
                0x0000f580                TIMING_AddCallbackEventAfter
 .text.TIMING_AddRepCallbackEventAfter
                0x0000f5b6       0x5e timing_lib.o
                0x0000f5b6                TIMING_AddRepCallbackEventAfter
 .text.TIMING_AddRepCallbackEvent
                0x0000f614       0x42 timing_lib.o
                0x0000f614                TIMING_AddRepCallbackEvent
 .text.TERMFONT_DisplayChar
                0x0000f656       0x44 termfont_lib.o
                0x0000f656                TERMFONT_DisplayChar
 .text.SOUND_StartAudio
                0x0000f69a       0x40 sound_driver.o
                0x0000f69a                SOUND_StartAudio
 .text.SOUND_PlayAudioTask
                0x0000f6da       0xb8 sound_driver.o
 .text.SOUND_StopAudio
                0x0000f792       0x2c sound_driver.o
                0x0000f792                SOUND_StopAudio
 .text.SOUND_IsToneBusy
                0x0000f7be        0x8 sound_driver.o
                0x0000f7be                SOUND_IsToneBusy
 .text.SONG_CallbackControlTask_F
                0x0000f7c6       0xc2 song_lib.o
                0x0000f7c6                SONG_CallbackControlTask_F
 .text.SONG_StopTune
                0x0000f888       0x1e song_lib.o
                0x0000f888                SONG_StopTune
 .text.SONG_StartTune_F
                0x0000f8a6       0x5c song_lib.o
                0x0000f8a6                SONG_StartTune_F
 .text.libgcc   0x0000f902       0x18 /usr/local/CrossPack-AVR-20090415/lib/gcc/avr/3.4.6/avr5/libgcc.a(_udivmodqi4.o)
                0x0000f902                __udivmodqi4
 .text.libgcc   0x0000f91a       0x28 /usr/local/CrossPack-AVR-20090415/lib/gcc/avr/3.4.6/avr5/libgcc.a(_udivmodhi4.o)
                0x0000f91a                __udivmodhi4
 .text.libgcc   0x0000f942       0x26 /usr/local/CrossPack-AVR-20090415/lib/gcc/avr/3.4.6/avr5/libgcc.a(_divmodhi4.o)
                0x0000f942                __divmodhi4
                0x0000f942                _div
 .text.libgcc   0x0000f968       0x44 /usr/local/CrossPack-AVR-20090415/lib/gcc/avr/3.4.6/avr5/libgcc.a(_udivmodsi4.o)
                0x0000f968                __udivmodsi4
                0x0000f9ac                . = ALIGN (0x2)
 *(.fini9)
 .fini9         0x0000f9ac        0x0 /usr/local/CrossPack-AVR-20090415/lib/gcc/avr/3.4.6/avr5/libgcc.a(_exit.o)
                0x0000f9ac                exit
                0x0000f9ac                _exit
 *(.fini9)
 *(.fini8)
 *(.fini8)
 *(.fini7)
 *(.fini7)
 *(.fini6)
 *(.fini6)
 *(.fini5)
 *(.fini5)
 *(.fini4)
 *(.fini4)
 *(.fini3)
 *(.fini3)
 *(.fini2)
 *(.fini2)
 *(.fini1)
 *(.fini1)
 *(.fini0)
 .fini0         0x0000f9ac        0x2 /usr/local/CrossPack-AVR-20090415/lib/gcc/avr/3.4.6/avr5/libgcc.a(_exit.o)
 *(.fini0)
                0x0000f9ae                _etext = .

.data           0x00800200       0x5a load address 0x0000f9ae
                0x00800200                PROVIDE (__data_start, .)
 *(.data)
 .data          0x00800200       0x18 main.o
 *(.data*)
 .data.la       0x00800218        0x2 main.o
                0x00800218                la
 .data.Intensity
                0x0080021a        0x2 main.o
                0x0080021a                Intensity
 .data.Contrast
                0x0080021c        0x2 main.o
                0x0080021c                Contrast
 .data.Blue     0x0080021e        0x2 main.o
                0x0080021e                Blue
 .data.Green    0x00800220        0x2 main.o
                0x00800220                Green
 .data.Red      0x00800222        0x2 main.o
                0x00800222                Red
 .data.mystdout
                0x00800224        0xe main.o
 .data.idx.0    0x00800232        0x1 main.o
 .data.cmd.1    0x00800233        0x2 main.o
 .data.LCD_topPage
                0x00800235        0x1 lcd_lib.o
                0x00800235                LCD_topPage
 .data.JOYSTICK_EventHandler
                0x00800236        0x2 joystick_driver.o
                0x00800236                JOYSTICK_EventHandler
 .data.JOYSTICK_doubleClickDelay
                0x00800238        0x1 joystick_driver.o
                0x00800238                JOYSTICK_doubleClickDelay
 .data.JOYSTICK_pressAndHoldDelay
                0x00800239        0x1 joystick_driver.o
                0x00800239                JOYSTICK_pressAndHoldDelay
 .data.JOYSTICK_currentHoldState
                0x0080023a        0x1 joystick_driver.o
                0x0080023a                JOYSTICK_currentHoldState
 .data.JOYSTICK_currentState
                0x0080023b        0x1 joystick_driver.o
                0x0080023b                JOYSTICK_currentState
 .data.lastSample.0
                0x0080023c        0x1 joystick_driver.o
 .data.pressAndHoldCountdown.1
                0x0080023d        0x8 joystick_driver.o
 .data.doubleClickCountdown.2
                0x00800245        0x8 joystick_driver.o
 .data.POWER_wakeupRequested
                0x0080024d        0x1 power_driver.o
 .data.BACKLIGHT_intensity
                0x0080024e        0x1 backlight_driver.o
                0x0080024e                BACKLIGHT_intensity
 .data.BACKLIGHT_blue
                0x0080024f        0x1 backlight_driver.o
                0x0080024f                BACKLIGHT_blue
 .data.BACKLIGHT_green
                0x00800250        0x1 backlight_driver.o
                0x00800250                BACKLIGHT_green
 .data.BACKLIGHT_red
                0x00800251        0x1 backlight_driver.o
                0x00800251                BACKLIGHT_red
 .data.MEMBLOCK_manager
                0x00800252        0x5 memblock_lib.o
 .data.toneActive
                0x00800257        0x1 sound_driver.o
 .data.songPlaying
                0x00800258        0x1 song_lib.o
 *(.rodata)
 *(.rodata*)
 *(.gnu.linkonce.d*)
                0x0080025a                . = ALIGN (0x2)
 *fill*         0x00800259        0x1 00
                0x0080025a                _edata = .
                0x0080025a                PROVIDE (__data_end, .)

.bss            0x0080025a     0x1651
                0x0080025a                PROVIDE (__bss_start, .)
 *(.bss)
 *(.bss*)
 .bss.can_addr.2
                0x0080025a        0x2 main.o
 .bss.joystickCallbackEvent
                0x0080025c        0xf main.o
                0x0080025c                joystickCallbackEvent
 .bss.urx       0x0080026b        0x1 main.o
                0x0080026b                urx
 .bss.urx_recv  0x0080026c        0x1 main.o
                0x0080026c                urx_recv
 .bss.do_cmdbuf
                0x0080026d       0x14 main.o
 .bss.recv_input_cmdbuf
                0x00800281       0x80 main.o
 .bss.MEMORY_block0
                0x00800301      0x102 memory.o
 .bss.MEMORY_block1
                0x00800403      0x404 memory.o
 .bss.MEMORY_block2
                0x00800807      0x402 memory.o
 .bss.MEMORY_block3
                0x00800c09      0xc01 memory.o
 .bss.MEMORY_blockBags
                0x0080180a       0x60 memory.o
 .bss.RTC_days  0x0080186a        0x1 rtc_driver.o
                0x0080186a                RTC_days
 .bss.RTC_hours
                0x0080186b        0x1 rtc_driver.o
                0x0080186b                RTC_hours
 .bss.RTC_minutes
                0x0080186c        0x1 rtc_driver.o
                0x0080186c                RTC_minutes
 .bss.RTC_seconds
                0x0080186d        0x1 rtc_driver.o
                0x0080186d                RTC_seconds
 .bss.RTC_ticks
                0x0080186e        0x1 rtc_driver.o
                0x0080186e                RTC_ticks
 .bss.RTC_TickHandler
                0x0080186f        0x2 rtc_driver.o
                0x0080186f                RTC_TickHandler
 .bss.RTC_DayHandler
                0x00801871        0x2 rtc_driver.o
                0x00801871                RTC_DayHandler
 .bss.TIMING_queueSize
                0x00801873        0x2 timing_lib.o
                0x00801873                TIMING_queueSize
 .bss.TIMING_firstEvent
                0x00801875        0x2 timing_lib.o
                0x00801875                TIMING_firstEvent
 .bss.TIMING_currentTime
                0x00801877        0x4 timing_lib.o
                0x00801877                TIMING_currentTime
 .bss.TIMING_nextEventTime
                0x0080187b        0x4 timing_lib.o
                0x0080187b                TIMING_nextEventTime
 .bss.audioTimingEvent
                0x0080187f        0xf sound_driver.o
 .bss.pSoundfifoHandle
                0x0080188e        0x2 sound_driver.o
 .bss.pSongFifoHandle
                0x00801890        0x2 song_lib.o
 .bss.songTimingEvent
                0x00801892        0xf song_lib.o
 .bss.pAudioDataInFlash
                0x008018a1        0x2 song_lib.o
 .bss.pAudioDataStartInFlash
                0x008018a3        0x2 song_lib.o
 *(COMMON)
 COMMON         0x008018a5        0x6 /usr/local/CrossPack-AVR-20090415/lib/gcc/avr/3.4.6/../../../../avr/lib/avr5/libc.a(iob.o)
                0x008018a5                __iob
                0x008018ab                PROVIDE (__bss_end, .)
                0x0000f9ae                __data_load_start = LOADADDR (.data)
                0x0000fa08                __data_load_end = (__data_load_start + SIZEOF (.data))

.noinit         0x008018ab        0x0
                0x008018ab                PROVIDE (__noinit_start, .)
 *(.noinit*)
                0x008018ab                PROVIDE (__noinit_end, .)
                0x008018ab                _end = .
                0x008018ab                PROVIDE (__heap_start, .)

.eeprom         0x00810000        0x0
 *(.eeprom*)
                0x00810000                __eeprom_end = .

.fuse
 *(.fuse)
 *(.lfuse)
 *(.hfuse)
 *(.efuse)

.lock
 *(.lock*)

.signature
 *(.signature*)

.stab
 *(.stab)

.stabstr
 *(.stabstr)

.stab.excl
 *(.stab.excl)

.stab.exclstr
 *(.stab.exclstr)

.stab.index
 *(.stab.index)

.stab.indexstr
 *(.stab.indexstr)

.comment
 *(.comment)

.debug
 *(.debug)

.line
 *(.line)

.debug_srcinfo
 *(.debug_srcinfo)

.debug_sfnames
 *(.debug_sfnames)

.debug_aranges  0x00000000      0x8c0
 *(.debug_aranges)
 .debug_aranges
                0x00000000       0x1c walkabout.o
 .debug_aranges
                0x0000001c       0x18 configsystem.o
 .debug_aranges
                0x00000034       0x18 displaydata.o
 .debug_aranges
                0x0000004c       0x1c gameoflife.o
 .debug_aranges
                0x00000068       0x30 lcdcontrast.o
 .debug_aranges
                0x00000098       0x64 main.o
 .debug_aranges
                0x000000fc       0x18 memory.o
 .debug_aranges
                0x00000114       0x24 slideshow.o
 .debug_aranges
                0x00000138       0x18 smokeydemo.o
 .debug_aranges
                0x00000150       0x20 snake.o
 .debug_aranges
                0x00000170       0x24 sounddemo.o
 .debug_aranges
                0x00000194       0x20 clock.o
 .debug_aranges
                0x000001b4       0x6c s6b1713_driver.o
 .debug_aranges
                0x00000220       0xe4 lcd_lib.o
 .debug_aranges
                0x00000304       0x18 popup_lib.o
 .debug_aranges
                0x0000031c       0x38 gfx_lib.o
 .debug_aranges
                0x00000354       0x40 joystick_driver.o
 .debug_aranges
                0x00000394       0x24 power_driver.o
 .debug_aranges
                0x000003b8       0x38 backlight_driver.o
 .debug_aranges
                0x000003f0       0x68 fifo_lib.o
 .debug_aranges
                0x00000458       0x34 memblock_lib.o
 .debug_aranges
                0x0000048c       0x38 picture_lib.o
 .debug_aranges
                0x000004c4      0x14c widgets_lib.o
 .debug_aranges
                0x00000610       0x90 forms_lib.o
 .debug_aranges
                0x000006a0       0x34 dialog_lib.o
 .debug_aranges
                0x000006d4       0x44 rtc_driver.o
 .debug_aranges
                0x00000718       0x58 timing_lib.o
 .debug_aranges
                0x00000770       0x88 termfont_lib.o
 .debug_aranges
                0x000007f8       0x24 sound_driver.o
 .debug_aranges
                0x0000081c       0x2c song_lib.o
 .debug_aranges
                0x00000848       0x14 /usr/local/CrossPack-AVR-20090415/lib/gcc/avr/3.4.6/../../../../avr/lib/avr5/libc.a(strtoul.o)
 .debug_aranges
                0x0000085c       0x14 /usr/local/CrossPack-AVR-20090415/lib/gcc/avr/3.4.6/../../../../avr/lib/avr5/libc.a(eerd_word.o)
 .debug_aranges
                0x00000870       0x14 /usr/local/CrossPack-AVR-20090415/lib/gcc/avr/3.4.6/../../../../avr/lib/avr5/libc.a(eewr_word.o)
 .debug_aranges
                0x00000884       0x14 /usr/local/CrossPack-AVR-20090415/lib/gcc/avr/3.4.6/../../../../avr/lib/avr5/libc.a(sprintf.o)
 .debug_aranges
                0x00000898       0x14 /usr/local/CrossPack-AVR-20090415/lib/gcc/avr/3.4.6/../../../../avr/lib/avr5/libc.a(vfprintf_std.o)
 .debug_aranges
                0x000008ac       0x14 /usr/local/CrossPack-AVR-20090415/lib/gcc/avr/3.4.6/../../../../avr/lib/avr5/libc.a(fputc.o)

.debug_pubnames
                0x00000000     0x2cf1
 *(.debug_pubnames)
 .debug_pubnames
                0x00000000       0x20 walkabout.o
 .debug_pubnames
                0x00000020       0x23 configsystem.o
 .debug_pubnames
                0x00000043       0x22 displaydata.o
 .debug_pubnames
                0x00000065      0x7f4 flashpics.o
 .debug_pubnames
                0x00000859       0x21 gameoflife.o
 .debug_pubnames
                0x0000087a       0x8a lcdcontrast.o
 .debug_pubnames
                0x00000904      0x20e main.o
 .debug_pubnames
                0x00000b12       0x21 memory.o
 .debug_pubnames
                0x00000b33       0x20 slideshow.o
 .debug_pubnames
                0x00000b53       0x53 smokeydemo.o
 .debug_pubnames
                0x00000ba6       0x3d snake.o
 .debug_pubnames
                0x00000be3      0x2cc sounddemo.o
 .debug_pubnames
                0x00000eaf       0x1c clock.o
 .debug_pubnames
                0x00000ecb      0x28e s6b1713_driver.o
 .debug_pubnames
                0x00001159      0x437 lcd_lib.o
 .debug_pubnames
                0x00001590       0x23 popup_lib.o
 .debug_pubnames
                0x000015b3       0xd2 gfx_lib.o
 .debug_pubnames
                0x00001685      0x186 joystick_driver.o
 .debug_pubnames
                0x0000180b       0x74 power_driver.o
 .debug_pubnames
                0x0000187f      0x123 backlight_driver.o
 .debug_pubnames
                0x000019a2      0x173 fifo_lib.o
 .debug_pubnames
                0x00001b15       0xdc memblock_lib.o
 .debug_pubnames
                0x00001bf1      0x116 picture_lib.o
 .debug_pubnames
                0x00001d07      0x3ba widgets_lib.o
 .debug_pubnames
                0x000020c1      0x263 forms_lib.o
 .debug_pubnames
                0x00002324       0xf2 dialog_lib.o
 .debug_pubnames
                0x00002416      0x170 rtc_driver.o
 .debug_pubnames
                0x00002586      0x227 timing_lib.o
 .debug_pubnames
                0x000027ad      0x36b termfont_lib.o
 .debug_pubnames
                0x00002b18       0x50 sound_driver.o
 .debug_pubnames
                0x00002b68       0x96 song_lib.o
 .debug_pubnames
                0x00002bfe       0x1e /usr/local/CrossPack-AVR-20090415/lib/gcc/avr/3.4.6/../../../../avr/lib/avr5/libc.a(strtoul.o)
 .debug_pubnames
                0x00002c1c       0x22 /usr/local/CrossPack-AVR-20090415/lib/gcc/avr/3.4.6/../../../../avr/lib/avr5/libc.a(eerd_word.o)
 .debug_pubnames
                0x00002c3e       0x22 /usr/local/CrossPack-AVR-20090415/lib/gcc/avr/3.4.6/../../../../avr/lib/avr5/libc.a(eewr_word.o)
 .debug_pubnames
                0x00002c60       0x1c /usr/local/CrossPack-AVR-20090415/lib/gcc/avr/3.4.6/../../../../avr/lib/avr5/libc.a(iob.o)
 .debug_pubnames
                0x00002c7c       0x1e /usr/local/CrossPack-AVR-20090415/lib/gcc/avr/3.4.6/../../../../avr/lib/avr5/libc.a(sprintf.o)
 .debug_pubnames
                0x00002c9a       0x1f /usr/local/CrossPack-AVR-20090415/lib/gcc/avr/3.4.6/../../../../avr/lib/avr5/libc.a(vfprintf_std.o)
 .debug_pubnames
                0x00002cb9       0x1c /usr/local/CrossPack-AVR-20090415/lib/gcc/avr/3.4.6/../../../../avr/lib/avr5/libc.a(errno.o)
 .debug_pubnames
                0x00002cd5       0x1c /usr/local/CrossPack-AVR-20090415/lib/gcc/avr/3.4.6/../../../../avr/lib/avr5/libc.a(fputc.o)

.debug_info     0x00000000    0x131e0
 *(.debug_info)
 .debug_info    0x00000000      0x36e walkabout.o
 .debug_info    0x0000036e      0x965 configsystem.o
 .debug_info    0x00000cd3      0x159 displaydata.o
 .debug_info    0x00000e2c      0xd52 flashpics.o
 .debug_info    0x00001b7e      0x337 gameoflife.o
 .debug_info    0x00001eb5      0xc10 lcdcontrast.o
 .debug_info    0x00002ac5     0x111f main.o
 .debug_info    0x00003be4      0x1f6 memory.o
 .debug_info    0x00003dda      0x693 slideshow.o
 .debug_info    0x0000446d      0x335 smokeydemo.o
 .debug_info    0x000047a2      0x727 snake.o
 .debug_info    0x00004ec9      0xcf3 sounddemo.o
 .debug_info    0x00005bbc      0x6b5 clock.o
 .debug_info    0x00006271      0x466 s6b1713_driver.o
 .debug_info    0x000066d7     0x28ee lcd_lib.o
 .debug_info    0x00008fc5      0x542 popup_lib.o
 .debug_info    0x00009507      0xe47 gfx_lib.o
 .debug_info    0x0000a34e      0x422 joystick_driver.o
 .debug_info    0x0000a770      0x198 power_driver.o
 .debug_info    0x0000a908      0x2dc backlight_driver.o
 .debug_info    0x0000abe4      0x7ea fifo_lib.o
 .debug_info    0x0000b3ce      0x5c9 memblock_lib.o
 .debug_info    0x0000b997      0x552 picture_lib.o
 .debug_info    0x0000bee9     0x26b8 widgets_lib.o
 .debug_info    0x0000e5a1     0x10a7 forms_lib.o
 .debug_info    0x0000f648      0xf15 dialog_lib.o
 .debug_info    0x0001055d      0x3ca rtc_driver.o
 .debug_info    0x00010927      0x8c3 timing_lib.o
 .debug_info    0x000111ea      0xbf4 termfont_lib.o
 .debug_info    0x00011dde      0x3c9 sound_driver.o
 .debug_info    0x000121a7      0x510 song_lib.o
 .debug_info    0x000126b7      0x121 /usr/local/CrossPack-AVR-20090415/lib/gcc/avr/3.4.6/../../../../avr/lib/avr5/libc.a(strtoul.o)
 .debug_info    0x000127d8      0x131 /usr/local/CrossPack-AVR-20090415/lib/gcc/avr/3.4.6/../../../../avr/lib/avr5/libc.a(eerd_word.o)
 .debug_info    0x00012909       0xe4 /usr/local/CrossPack-AVR-20090415/lib/gcc/avr/3.4.6/../../../../avr/lib/avr5/libc.a(eewr_word.o)
 .debug_info    0x000129ed      0x154 /usr/local/CrossPack-AVR-20090415/lib/gcc/avr/3.4.6/../../../../avr/lib/avr5/libc.a(iob.o)
 .debug_info    0x00012b41      0x1af /usr/local/CrossPack-AVR-20090415/lib/gcc/avr/3.4.6/../../../../avr/lib/avr5/libc.a(sprintf.o)
 .debug_info    0x00012cf0      0x34d /usr/local/CrossPack-AVR-20090415/lib/gcc/avr/3.4.6/../../../../avr/lib/avr5/libc.a(vfprintf_std.o)
 .debug_info    0x0001303d       0x39 /usr/local/CrossPack-AVR-20090415/lib/gcc/avr/3.4.6/../../../../avr/lib/avr5/libc.a(errno.o)
 .debug_info    0x00013076      0x16a /usr/local/CrossPack-AVR-20090415/lib/gcc/avr/3.4.6/../../../../avr/lib/avr5/libc.a(fputc.o)
 *(.gnu.linkonce.wi.*)

.debug_abbrev   0x00000000     0x30f1
 *(.debug_abbrev)
 .debug_abbrev  0x00000000       0xfb walkabout.o
 .debug_abbrev  0x000000fb      0x121 configsystem.o
 .debug_abbrev  0x0000021c       0x97 displaydata.o
 .debug_abbrev  0x000002b3       0x7b flashpics.o
 .debug_abbrev  0x0000032e      0x131 gameoflife.o
 .debug_abbrev  0x0000045f      0x19c lcdcontrast.o
 .debug_abbrev  0x000005fb      0x397 main.o
 .debug_abbrev  0x00000992       0x99 memory.o
 .debug_abbrev  0x00000a2b      0x14d slideshow.o
 .debug_abbrev  0x00000b78      0x11e smokeydemo.o
 .debug_abbrev  0x00000c96      0x173 snake.o
 .debug_abbrev  0x00000e09      0x210 sounddemo.o
 .debug_abbrev  0x00001019      0x191 clock.o
 .debug_abbrev  0x000011aa      0x14b s6b1713_driver.o
 .debug_abbrev  0x000012f5      0x1ed lcd_lib.o
 .debug_abbrev  0x000014e2      0x10c popup_lib.o
 .debug_abbrev  0x000015ee      0x141 gfx_lib.o
 .debug_abbrev  0x0000172f      0x1ce joystick_driver.o
 .debug_abbrev  0x000018fd       0x96 power_driver.o
 .debug_abbrev  0x00001993      0x115 backlight_driver.o
 .debug_abbrev  0x00001aa8      0x142 fifo_lib.o
 .debug_abbrev  0x00001bea      0x1a8 memblock_lib.o
 .debug_abbrev  0x00001d92       0xd6 picture_lib.o
 .debug_abbrev  0x00001e68      0x22a widgets_lib.o
 .debug_abbrev  0x00002092      0x1f8 forms_lib.o
 .debug_abbrev  0x0000228a      0x1e2 dialog_lib.o
 .debug_abbrev  0x0000246c      0x12d rtc_driver.o
 .debug_abbrev  0x00002599      0x19f timing_lib.o
 .debug_abbrev  0x00002738      0x13c termfont_lib.o
 .debug_abbrev  0x00002874      0x143 sound_driver.o
 .debug_abbrev  0x000029b7      0x14d song_lib.o
 .debug_abbrev  0x00002b04       0x91 /usr/local/CrossPack-AVR-20090415/lib/gcc/avr/3.4.6/../../../../avr/lib/avr5/libc.a(strtoul.o)
 .debug_abbrev  0x00002b95       0xc6 /usr/local/CrossPack-AVR-20090415/lib/gcc/avr/3.4.6/../../../../avr/lib/avr5/libc.a(eerd_word.o)
 .debug_abbrev  0x00002c5b       0x85 /usr/local/CrossPack-AVR-20090415/lib/gcc/avr/3.4.6/../../../../avr/lib/avr5/libc.a(eewr_word.o)
 .debug_abbrev  0x00002ce0       0xc7 /usr/local/CrossPack-AVR-20090415/lib/gcc/avr/3.4.6/../../../../avr/lib/avr5/libc.a(iob.o)
 .debug_abbrev  0x00002da7       0xf4 /usr/local/CrossPack-AVR-20090415/lib/gcc/avr/3.4.6/../../../../avr/lib/avr5/libc.a(sprintf.o)
 .debug_abbrev  0x00002e9b      0x14d /usr/local/CrossPack-AVR-20090415/lib/gcc/avr/3.4.6/../../../../avr/lib/avr5/libc.a(vfprintf_std.o)
 .debug_abbrev  0x00002fe8       0x30 /usr/local/CrossPack-AVR-20090415/lib/gcc/avr/3.4.6/../../../../avr/lib/avr5/libc.a(errno.o)
 .debug_abbrev  0x00003018       0xd9 /usr/local/CrossPack-AVR-20090415/lib/gcc/avr/3.4.6/../../../../avr/lib/avr5/libc.a(fputc.o)

.debug_line     0x00000000     0xae1c
 *(.debug_line)
 .debug_line    0x00000000      0x32f walkabout.o
 .debug_line    0x0000032f      0x2dd configsystem.o
 .debug_line    0x0000060c      0x210 displaydata.o
 .debug_line    0x0000081c      0x157 flashpics.o
 .debug_line    0x00000973      0x2f6 gameoflife.o
 .debug_line    0x00000c69      0x488 lcdcontrast.o
 .debug_line    0x000010f1      0x7fe main.o
 .debug_line    0x000018ef       0xfc memory.o
 .debug_line    0x000019eb      0x36d slideshow.o
 .debug_line    0x00001d58      0x33a smokeydemo.o
 .debug_line    0x00002092      0x5f7 snake.o
 .debug_line    0x00002689      0x374 sounddemo.o
 .debug_line    0x000029fd      0x3a0 clock.o
 .debug_line    0x00002d9d      0x3dd s6b1713_driver.o
 .debug_line    0x0000317a     0x1974 lcd_lib.o
 .debug_line    0x00004aee      0x2a7 popup_lib.o
 .debug_line    0x00004d95      0x57e gfx_lib.o
 .debug_line    0x00005313      0x3c8 joystick_driver.o
 .debug_line    0x000056db      0x2d2 power_driver.o
 .debug_line    0x000059ad      0x330 backlight_driver.o
 .debug_line    0x00005cdd      0x4ea fifo_lib.o
 .debug_line    0x000061c7      0x45f memblock_lib.o
 .debug_line    0x00006626      0x2de picture_lib.o
 .debug_line    0x00006904     0x12f7 widgets_lib.o
 .debug_line    0x00007bfb      0xc1b forms_lib.o
 .debug_line    0x00008816      0x56a dialog_lib.o
 .debug_line    0x00008d80      0x3c1 rtc_driver.o
 .debug_line    0x00009141      0x4d0 timing_lib.o
 .debug_line    0x00009611      0x61b termfont_lib.o
 .debug_line    0x00009c2c      0x2cd sound_driver.o
 .debug_line    0x00009ef9      0x31d song_lib.o
 .debug_line    0x0000a216      0x20b /usr/local/CrossPack-AVR-20090415/lib/gcc/avr/3.4.6/../../../../avr/lib/avr5/libc.a(strtoul.o)
 .debug_line    0x0000a421      0x104 /usr/local/CrossPack-AVR-20090415/lib/gcc/avr/3.4.6/../../../../avr/lib/avr5/libc.a(eerd_word.o)
 .debug_line    0x0000a525       0xfe /usr/local/CrossPack-AVR-20090415/lib/gcc/avr/3.4.6/../../../../avr/lib/avr5/libc.a(eewr_word.o)
 .debug_line    0x0000a623       0xfc /usr/local/CrossPack-AVR-20090415/lib/gcc/avr/3.4.6/../../../../avr/lib/avr5/libc.a(iob.o)
 .debug_line    0x0000a71f      0x126 /usr/local/CrossPack-AVR-20090415/lib/gcc/avr/3.4.6/../../../../avr/lib/avr5/libc.a(sprintf.o)
 .debug_line    0x0000a845      0x442 /usr/local/CrossPack-AVR-20090415/lib/gcc/avr/3.4.6/../../../../avr/lib/avr5/libc.a(vfprintf_std.o)
 .debug_line    0x0000ac87       0x5f /usr/local/CrossPack-AVR-20090415/lib/gcc/avr/3.4.6/../../../../avr/lib/avr5/libc.a(errno.o)
 .debug_line    0x0000ace6      0x136 /usr/local/CrossPack-AVR-20090415/lib/gcc/avr/3.4.6/../../../../avr/lib/avr5/libc.a(fputc.o)

.debug_frame
 *(.debug_frame)

.debug_str      0x00000000     0x4fe0
 *(.debug_str)
 .debug_str     0x00000000      0x28f walkabout.o
                                0x2f7 (size before relaxing)
 .debug_str     0x0000028f      0x5c6 configsystem.o
                                0x787 (size before relaxing)
 .debug_str     0x00000855       0x40 displaydata.o
                                0x17c (size before relaxing)
 .debug_str     0x00000895      0x68a flashpics.o
                                0x7b1 (size before relaxing)
 .debug_str     0x00000f1f       0xcf gameoflife.o
                                0x1e9 (size before relaxing)
 .debug_str     0x00000fee      0x193 lcdcontrast.o
                                0x85d (size before relaxing)
 .debug_str     0x00001181      0x377 main.o
                                0x872 (size before relaxing)
 .debug_str     0x000014f8      0x10e memory.o
                                0x201 (size before relaxing)
 .debug_str     0x00001606       0xf6 slideshow.o
                                0x574 (size before relaxing)
 .debug_str     0x000016fc       0x8c smokeydemo.o
                                0x1eb (size before relaxing)
 .debug_str     0x00001788       0xec snake.o
                                0x280 (size before relaxing)
 .debug_str     0x00001874      0x2fd sounddemo.o
                                0x89c (size before relaxing)
 .debug_str     0x00001b71      0x11c clock.o
                                0x36a (size before relaxing)
 .debug_str     0x00001c8d      0x4aa s6b1713_driver.o
                                0x61f (size before relaxing)
 .debug_str     0x00002137      0x48f lcd_lib.o
                                0x615 (size before relaxing)
 .debug_str     0x000025c6       0x8d popup_lib.o
                                0x481 (size before relaxing)
 .debug_str     0x00002653      0x171 gfx_lib.o
                                0x78e (size before relaxing)
 .debug_str     0x000027c4      0x29f joystick_driver.o
                                0x43e (size before relaxing)
 .debug_str     0x00002a63       0xb4 power_driver.o
                                0x1fa (size before relaxing)
 .debug_str     0x00002b17      0x10f backlight_driver.o
                                0x238 (size before relaxing)
 .debug_str     0x00002c26      0x1ac fifo_lib.o
                                0x39c (size before relaxing)
 .debug_str     0x00002dd2      0x1c2 memblock_lib.o
                                0x3ad (size before relaxing)
 .debug_str     0x00002f94      0x162 picture_lib.o
                                0x2bf (size before relaxing)
 .debug_str     0x000030f6      0xdfc widgets_lib.o
                               0x1557 (size before relaxing)
 .debug_str     0x00003ef2      0x3dc forms_lib.o
                                0x930 (size before relaxing)
 .debug_str     0x000042ce      0x254 dialog_lib.o
                                0x9c7 (size before relaxing)
 .debug_str     0x00004522      0x134 rtc_driver.o
                                0x2ba (size before relaxing)
 .debug_str     0x00004656      0x27e timing_lib.o
                                0x4a8 (size before relaxing)
 .debug_str     0x000048d4      0x330 termfont_lib.o
                                0x48d (size before relaxing)
 .debug_str     0x00004c04       0xd1 sound_driver.o
                                0x3c6 (size before relaxing)
 .debug_str     0x00004cd5      0x122 song_lib.o
                                0x43a (size before relaxing)
 .debug_str     0x00004df7       0xa9 /usr/local/CrossPack-AVR-20090415/lib/gcc/avr/3.4.6/../../../../avr/lib/avr5/libc.a(strtoul.o)
                                 0xfc (size before relaxing)
 .debug_str     0x00004ea0       0x30 /usr/local/CrossPack-AVR-20090415/lib/gcc/avr/3.4.6/../../../../avr/lib/avr5/libc.a(eerd_word.o)
                                0x122 (size before relaxing)
 .debug_str     0x00004ed0       0x30 /usr/local/CrossPack-AVR-20090415/lib/gcc/avr/3.4.6/../../../../avr/lib/avr5/libc.a(eewr_word.o)
                                0x119 (size before relaxing)
 .debug_str     0x00004f00       0x1a /usr/local/CrossPack-AVR-20090415/lib/gcc/avr/3.4.6/../../../../avr/lib/avr5/libc.a(iob.o)
                                0x11d (size before relaxing)
 .debug_str     0x00004f1a       0x35 /usr/local/CrossPack-AVR-20090415/lib/gcc/avr/3.4.6/../../../../avr/lib/avr5/libc.a(sprintf.o)
                                0x13a (size before relaxing)
 .debug_str     0x00004f4f       0x52 /usr/local/CrossPack-AVR-20090415/lib/gcc/avr/3.4.6/../../../../avr/lib/avr5/libc.a(vfprintf_std.o)
                                0x1be (size before relaxing)
 .debug_str     0x00004fa1       0x1d /usr/local/CrossPack-AVR-20090415/lib/gcc/avr/3.4.6/../../../../avr/lib/avr5/libc.a(errno.o)
                                 0x8e (size before relaxing)
 .debug_str     0x00004fbe       0x22 /usr/local/CrossPack-AVR-20090415/lib/gcc/avr/3.4.6/../../../../avr/lib/avr5/libc.a(fputc.o)
                                0x126 (size before relaxing)

.debug_loc
 *(.debug_loc)

.debug_macinfo
 *(.debug_macinfo)
OUTPUT(db101_demo.elf elf32-avr)
LOAD linker stubs

.debug_ranges   0x00000000       0x6c
 .debug_ranges  0x00000000        0xc main.o
 .debug_ranges  0x0000000c        0xc widgets_lib.o
 .debug_ranges  0x00000018       0x54 termfont_lib.o
